<testsuites id="" name="" tests="0" failures="0" skipped="0" errors="0" time="0.11922100000000137">
</testsuites>